Sampled 300 workout IDs from 2297 total
Streaming /Users/hisashi/Developer/GRAD/data/endomondoHR.json (~6.5 GB)...
  Processed 50/300 workouts (15s)
  Processed 100/300 workouts (24s)
  Processed 150/300 workouts (37s)
  Processed 200/300 workouts (45s)
  Processed 250/300 workouts (61s)
  Processed 300/300 workouts (81s)

Done: 300 workouts processed in 81.2s

======================================================================
SENSITIVITY ANALYSIS: Temporal Autocorrelation in GACD Regressions
======================================================================
Workouts analysed: 300
Median n_points per workout: 499 (IQR 499–499)

--- Durbin-Watson Statistic ---
  Median: 0.374
  Mean:   0.384
  SD:     0.173
  IQR:    [0.253, 0.514]
  Range:  [0.040, 0.953]
  % with DW < 1.5 (strong positive AC): 100.0%
  % with 1.5 ≤ DW ≤ 2.5 (acceptable):  0.0%
  % with DW > 2.5 (negative AC):        0.0%

--- Lag-1 Autocorrelation ---
  Median: 0.797
  Mean:   0.792
  IQR:    [0.734, 0.859]

--- Effective Degrees of Freedom Reduction (AR(1) approximation) ---
  Median n_eff/n: 0.113
  Mean n_eff/n:   0.119
  → Median 89% reduction in effective sample size

--- Newey-West / OLS Standard Error Ratio ---
  β_gradient  : median ratio = 1.91, mean = 2.15, IQR [1.61, 2.48]
  β_time      : median ratio = 2.15, mean = 2.19, IQR [1.93, 2.41]
  β_speed     : median ratio = 2.08, mean = 2.23, IQR [1.80, 2.50]

--- HAC-Corrected Inference (per-workout 95% CIs) ---
  Median half-width of the 95% CI across workouts, and the share of
  workouts whose coefficient remains significant at alpha = .05.
  β_gradient  : median 95% CI half-width  OLS 0.3396  ->  HAC 0.7114
                significant at .05        OLS 93.7%  ->  HAC 86.7%
                median coefficient        +1.6982   [HAC 95% CI +0.9869, +2.4096]
  β_time      : median 95% CI half-width  OLS 0.0208  ->  HAC 0.0449
                significant at .05        OLS 83.3%  ->  HAC 60.0%
                median coefficient        +0.0207   [HAC 95% CI -0.0242, +0.0656]
  β_speed     : median 95% CI half-width  OLS 0.5943  ->  HAC 1.2074
                significant at .05        OLS 78.7%  ->  HAC 51.3%
                median coefficient        +0.0426   [HAC 95% CI -1.1648, +1.2500]

--- Coefficient Point Estimates (confirm unbiased under autocorrelation) ---
  β_gradient  : mean = 1.9472, median = 1.6982, SD = 1.4343
  β_time      : mean = 0.0192, median = 0.0207, SD = 0.1118
  β_speed     : mean = 0.4806, median = 0.0426, SD = 2.8069

--- OLS R² ---
  Median: 0.437
  IQR:    [0.293, 0.595]

--- Cochrane-Orcutt GLS vs OLS (AR(1) subsample) ---
  Workouts with GLS fit: 300
  Median AR(1) rho used in GLS: 0.811
  β_gradient  : r(OLS,GLS) = 0.826   median |GLS-OLS| = 1.4017   median relative |diff| = 84.2%
                median OLS +1.6982   median GLS +0.2449
  β_time      : r(OLS,GLS) = 0.862   median |GLS-OLS| = 0.0300   median relative |diff| = 59.3%
                median OLS +0.0207   median GLS -0.0108
  β_speed     : r(OLS,GLS) = 0.757   median |GLS-OLS| = 1.0987   median relative |diff| = 80.8%
                median OLS +0.0426   median GLS -0.6232

[KEY] DW_MEDIAN = 0.374
[KEY] DW_IQR_LO = 0.253
[KEY] DW_IQR_HI = 0.514
[KEY] LAG1_MEDIAN = 0.797
[KEY] LAG1_IQR_LO = 0.734
[KEY] LAG1_IQR_HI = 0.859
[KEY] SE_RATIO_GRAD = 1.91
[KEY] SE_RATIO_TIME = 2.15
[KEY] SE_RATIO_SPEED = 2.08
[KEY] NEFF_RATIO = 0.113
[KEY] PCT_DW_BELOW_1_5 = 100.0
[KEY] N_WORKOUTS = 300
[KEY] HAC_HW_OLS_GRADIENT = 0.3396
[KEY] HAC_HW_NW_GRADIENT = 0.7114
[KEY] HAC_SIG_OLS_GRADIENT = 93.7
[KEY] HAC_SIG_NW_GRADIENT = 86.7
[KEY] HAC_HW_OLS_TIME = 0.0208
[KEY] HAC_HW_NW_TIME = 0.0449
[KEY] HAC_SIG_OLS_TIME = 83.3
[KEY] HAC_SIG_NW_TIME = 60.0
[KEY] HAC_HW_OLS_SPEED = 0.5943
[KEY] HAC_HW_NW_SPEED = 1.2074
[KEY] HAC_SIG_OLS_SPEED = 78.7
[KEY] HAC_SIG_NW_SPEED = 51.3
[KEY] GLS_N = 300
[KEY] GLS_RHO_MEDIAN = 0.811
[KEY] GLS_R_GRADIENT = 0.826
[KEY] GLS_MED_ABS_DIFF_GRADIENT = 1.4017
[KEY] GLS_MED_REL_PCT_GRADIENT = 84.2
[KEY] GLS_R_TIME = 0.862
[KEY] GLS_MED_ABS_DIFF_TIME = 0.0300
[KEY] GLS_MED_REL_PCT_TIME = 59.3
[KEY] GLS_R_SPEED = 0.757
[KEY] GLS_MED_ABS_DIFF_SPEED = 1.0987
[KEY] GLS_MED_REL_PCT_SPEED = 80.8

Summary saved: /Users/hisashi/Developer/GRAD/results/sensitivity_autocorrelation.txt
Figure saved: /Users/hisashi/Developer/GRAD/paper/Figures/figS_dw.png
Figure saved: /Users/hisashi/Developer/GRAD/paper/Figures/figS_acf.png

✓ Sensitivity analysis complete.
